[mixpakrecords.com/index.html]
[backblue.gif]
[fade.gif]
[index.html]
[mixpakrecords.com/wordpress/wp-content/themes/mixpak2017/static/images/favicon.png]
[mixpakrecords.com/wordpress/wp-content/themes/mixpak2017/static/images/icon-touch.png]
[mixpakrecords.com/wordpress/wp-content/themes/mixpak2017/screenshot.png]
[mixpakrecords.com/wordpress/wp-content/themes/mixpak2017/static/bundlec43a.js]
[mixpakrecords.com/wordpress/xmlrpc0db0.php]
[mixpakrecords.com/wp-json/index.html]
[mixpakrecords.com/wordpress/wp-includes/wlwmanifest.xml]
[mixpakrecords.com/wp-json/oembed/1.0/embede826.json]
[mixpakrecords.com/wp-json/oembed/1.0/embedad0f]
[mixpakrecords.com/blog/index.html]
[connect.facebook.net/en_US/fbevents.js]
[mixpakrecords.com/artists/index.html]
[mixpakrecords.com/about/index.html]
[mixpakrecords.com/releases/index.html]
[mixpakrecords.com/events/index.html]
[mixpakrecords.com/wordpress/wp-content/uploads/2019/05/CFL-twitter-banner-out-now.jpg]
[mixpakrecords.com/videos/index.html]
[mixpakrecords.com/releases/call-for-location/index.html]
[mixpakrecords.com/wordpress/wp-content/uploads/2019/06/Screen-Shot-2019-10-02-at-3.56.03-PM.png]
[mixpakrecords.com/featured/slideshow/bota-bota/index.html]
[mixpakrecords.com/wordpress/wp-content/uploads/2019/04/Screen-Shot-2019-09-26-at-10.43.33-AM.png]
[mixpakrecords.com/wordpress/wp-content/uploads/2019/04/BaileDeRua_Youtube_Channel-2-1920x1080.jpg]
[mixpakrecords.com/releases/baile-de-rua/index.html]
[mixpakrecords.com/wordpress/wp-content/uploads/2016/06/SS_160617_Culture-Clash-web-3063-960x960.jpg]
[mixpakrecords.com/2016/06/culture-clash-champions/index.html]
[mixpakrecords.com/wordpress/wp-content/uploads/2016/12/Mixpak_Spotify_1.3_E-960x960.png]
[mixpakrecords.com/wordpress/wp-content/uploads/2018/07/Popcaan_ForeverCover_Final_HiRES_JPG_preview.jpg]
[mixpakrecords.com/wordpress/wp-content/uploads/2016/12/29715566_2049573378590451_3570513262145437696_n.jpg]
[mixpakrecords.com/wordpress/wp-content/uploads/2016/12/29402278_217676342319707_6128728347808628736_n.jpg]
[mixpakrecords.com/wordpress/wp-content/uploads/2016/12/29714400_1969515646699814_1315044459762679808_n.jpg]
[mixpakrecords.com/wordpress/wp-content/uploads/2016/12/29714934_156750181671704_3814525532645621760_n-640x720.jpg]
[mixpakrecords.com/wordpress/wp-content/uploads/2016/12/29402858_181128452687089_896644177603854336_n.jpg]
[mixpakrecords.com/wordpress/wp-content/uploads/2016/12/24180009-960x960.jpg]
[mixpakrecords.com/fm/index.html]
[mixpakrecords.com/wordpress/wp-includes/js/wp-embed.min101e.js]
[mixpakrecords.com/jobs/index.html]
[www.google-analytics.com/analytics.js]
[mixpakrecords.com/index.html]
[mixpakrecords.com/wordpress/wp-content/themes/mixpak2017/static/stylefaf8.css]
[mixpakrecords.com/wordpress/xmlrpc.php]
[mixpakrecords.com/wordpress/wp-content/themes/mixpak2017/static/images/icon-touch.html]
[mixpakrecords.com/POST]
[connect.facebook.net/en_US/fbevents.js]
[mixpakrecords.com/wordpress/wp-content/uploads/2019/11/TEST.jpg]
[mixpakrecords.com/2019/11/mixpak-10-year-anniversary-party/index.html]
[mixpakrecords.com/wordpress/wp-content/uploads/2019/08/Screen-Shot-2019-10-03-at-12.31.43-PM.png]
[mixpakrecords.com/2019/11/jubilee-call-for-location-lp-out-now/index.html]
[mixpakrecords.com/2019/10/florentino-dime-que-tu-quieres-official-video/index.html]
[mixpakrecords.com/wordpress/wp-content/uploads/2019/06/Screenshot-2019-10-01-at-17.17.57-1920x1080.png]
[mixpakrecords.com/releases/ilimitado/index.html]
[mixpakrecords.com/blog/index.html]
[mixpakrecords.com/2019/10/palmistry-rovin-official-video/index.html]
[mixpakrecords.com/2019/09/mc-buzzz-bota-bota-official-video/index.html]
[mixpakrecords.com/wordpress/wp-content/uploads/2012/06/RED-BULL-CULTURE-CLASH-SENT-GETTY-096-1-600x315.jpg]
[mixpakrecords.com/blog/page/2/index.html]
[mixpakrecords.com/wp-json/oembed/1.0/embedd9ef.json]
[mixpakrecords.com/about/feed/index.html]
[mixpakrecords.com/wp-json/oembed/1.0/embedafc3]
[mixpakrecords.com/wordpress/wp-content/uploads/2012/06/RED-BULL-CULTURE-CLASH-SENT-GETTY-096-1-1920x1080.jpg]
[mixpakrecords.com/about/index.html]
[mixpakrecords.com/studios/index.html]
[mixpakrecords.com/wordpress/wp-content/uploads/2012/02/Dre-Skull-Kingston-Photo-by-Tony-Lowe-2-960x540.jpg]
[mixpakrecords.com/artists/featured/mc-buzzz/index.html]
[mixpakrecords.com/artists/feed/index.html]
[mixpakrecords.com/artists/featured/dre-skull/index.html]
[mixpakrecords.com/wordpress/wp-content/uploads/2012/04/Jubilee-Press-shot-960x540.jpg]
[mixpakrecords.com/artists/featured/jubilee/index.html]
[mixpakrecords.com/wordpress/wp-content/uploads/2013/08/murlo_resize-960x540.jpg]
[mixpakrecords.com/wordpress/wp-content/uploads/2013/10/Palmistry-001-960x540.jpg]
[mixpakrecords.com/artists/featured/murlo/index.html]
[mixpakrecords.com/wordpress/wp-content/uploads/2012/04/popcaan-artist-page-960x500.jpg]
[mixpakrecords.com/artists/featured/palmistry/index.html]
[mixpakrecords.com/artists/featured/popcaan/index.html]
[mixpakrecords.com/wordpress/wp-content/uploads/2012/02/Ports_VK_001_C_10x10.-1-960x540.jpg]
[mixpakrecords.com/artists/featured/vybz-kartel/index.html]
[mixpakrecords.com/wordpress/wp-content/uploads/2019/06/Florentino-Ilimitado-edits-1-WEB-960x540.jpg]
[mixpakrecords.com/artists/featured/florentino/index.html]
[mixpakrecords.com/wordpress/wp-content/uploads/2019/07/Photo26_22A-960x540.png]
[mixpakrecords.com/wordpress/wp-content/uploads/2015/03/Wildlife_web-1-960x540.jpg]
[mixpakrecords.com/artists/index.html]
[mixpakrecords.com/artists/featured/wildlife/index.html]
[mixpakrecords.com/artists/all/beenie-man/index.html]
[mixpakrecords.com/artists/all/andy-petr/index.html]
[mixpakrecords.com/wordpress/wp-content/uploads/2019/10/Call-For-Location-web.jpg]
[mixpakrecords.com/artists/all/cory-blaine/index.html]
[mixpakrecords.com/artists/all/douster/index.html]
[mixpakrecords.com/wordpress/wp-content/uploads/2019/05/Afterlife-cover-art-web-960x960.jpg]
[mixpakrecords.com/artists/all/dubbel-dutch/index.html]
[mixpakrecords.com/wordpress/wp-content/uploads/2019/07/Jubilee-Mami-Web-960x960.jpg]
[mixpakrecords.com/releases/mami-feat-maluca/index.html]
[mixpakrecords.com/wordpress/wp-content/uploads/2019/07/FLORENTINO-ILIMITADO-FINAL-COVER-WEB-960x960.jpg]
[mixpakrecords.com/wordpress/wp-content/uploads/2019/07/Ballads-Cover-Web-960x960.jpg]
[mixpakrecords.com/releases/ballads/index.html]
[mixpakrecords.com/wordpress/wp-content/uploads/2019/06/FLORENTINO-TU-MIRADA-COVER-WEB-960x960.jpg]
[mixpakrecords.com/releases/tu-mirada-feat-kaydy-cain/index.html]
[mixpakrecords.com/wordpress/wp-content/uploads/2019/06/FLORENTINO-NA-FUGA-COVER-WEB-960x960.jpg]
[mixpakrecords.com/releases/na-fuga-feat-mc-bin-laden-mc-buzzz/index.html]
[mixpakrecords.com/wordpress/wp-content/uploads/2019/03/Water-Web-960x960.jpg]
[mixpakrecords.com/releases/palmistry-water/index.html]
[mixpakrecords.com/wordpress/wp-content/uploads/2019/04/Rovin-Cover-Web-960x960.jpg]
[mixpakrecords.com/releases/rovin/index.html]
[mixpakrecords.com/wordpress/wp-content/uploads/2019/02/Shape-Nice-artwork-Web-960x960.jpg]
[mixpakrecords.com/releases/shape-nice/index.html]
[mixpakrecords.com/wordpress/wp-content/uploads/2018/08/MIX072-Cover-Art-Web-960x960.jpg]
[mixpakrecords.com/releases/body-so-good-mr-eazi-remix/index.html]
[mixpakrecords.com/wordpress/wp-content/uploads/2018/08/Contraband-Cover1-Transparent-960x960.png]
[mixpakrecords.com/releases/contrabando/index.html]
[mixpakrecords.com/wordpress/wp-content/uploads/2018/06/Wine-for-Me-1500-960x960.jpg]
[mixpakrecords.com/releases/wine-for-me/index.html]
[mixpakrecords.com/wordpress/wp-content/uploads/2018/06/Firm-Strong-1500-960x960.jpg]
[mixpakrecords.com/releases/popcaan-firm-and-strong/index.html]
[mixpakrecords.com/wordpress/wp-content/uploads/2018/05/Body-So-Good-1500-960x960.jpg]
[mixpakrecords.com/releases/body-so-good/index.html]
[mixpakrecords.com/wordpress/wp-content/uploads/2018/03/fragmentos-artwork-1500-960x960.jpg]
[mixpakrecords.com/releases/fragmentos/index.html]
[mixpakrecords.com/wordpress/wp-content/uploads/2018/02/VYBZ-KARTEL-FINAL-1500-960x960.jpg]
[mixpakrecords.com/releases/real-bad-gal/index.html]
[mixpakrecords.com/wordpress/wp-content/uploads/2017/07/Wildlife-Anima-Cover-Art-3000px--e1499097807378-960x960.jpg]
[mixpakrecords.com/releases/anima/index.html]
[mixpakrecords.com/wordpress/wp-content/uploads/2017/04/Murlo-Club-Coil-1000x-1-960x960.jpg]
[mixpakrecords.com/releases/club-coil/index.html]
[mixpakrecords.com/wordpress/wp-content/uploads/2016/10/Konshens-Dont-Worry-Cover-1000-960x960.jpg]
[mixpakrecords.com/releases/konshens-dont-worry/index.html]
[mixpakrecords.com/wordpress/wp-content/uploads/2016/04/Wildlife-Final.jpg]
[mixpakrecords.com/wordpress/wp-content/uploads/2016/03/GAIKA-SECURITY-1000.jpg]
[mixpakrecords.com/releases/patterns/index.html]
[mixpakrecords.com/releases/security/index.html]
[mixpakrecords.com/wordpress/wp-content/uploads/2015/09/MIX058-Cover-Art.jpg]
[mixpakrecords.com/releases/odyssey/index.html]
[mixpakrecords.com/wordpress/wp-content/uploads/2015/09/MIX055P-Cover-Art_650.jpg]
[mixpakrecords.com/releases/konshens-gal-ting-remix-feat-patoranking/index.html]
[mixpakrecords.com/wordpress/wp-content/uploads/2015/08/MIX057-Cover-Art_lowres.jpg]
[mixpakrecords.com/releases/calypso-fugitive/index.html]
[mixpakrecords.com/wordpress/wp-content/uploads/2015/05/MIX056-Cover-Art-800.jpg]
[mixpakrecords.com/releases/memory-taffeta/index.html]
[mixpakrecords.com/wordpress/wp-content/uploads/2015/03/MIX054-Cover-Art.jpg]
[mixpakrecords.com/releases/feverpitch-ep/index.html]
[mixpakrecords.com/wordpress/wp-content/uploads/2015/02/Jubilee-Jealous-1000.jpg]
[mixpakrecords.com/releases/jealous/index.html]
[mixpakrecords.com/wordpress/wp-content/uploads/2015/04/Blacklight-Riddim-3K.jpg]
[mixpakrecords.com/releases/blacklight-riddim/index.html]
[mixpakrecords.com/wordpress/wp-content/uploads/2015/01/MIX052-Cover-Art.jpg]
[mixpakrecords.com/releases/jasmine-ep/index.html]
[mixpakrecords.com/wordpress/wp-content/uploads/2014/10/MIX051-Cover-art-1000-copy.jpg]
[mixpakrecords.com/releases/pakman/index.html]
[mixpakrecords.com/wordpress/wp-content/uploads/2014/07/MIX050-Cover-Art.jpg]
[mixpakrecords.com/releases/protector-se5/index.html]
[mixpakrecords.com/wordpress/wp-content/uploads/2014/05/jmz-riddim-1000-jpg.jpg]
[mixpakrecords.com/releases/jmz-riddim/index.html]
[mixpakrecords.com/wordpress/wp-content/uploads/2014/03/Mr-One-Hundred-Cover-Art-8001.jpg]
[mixpakrecords.com/releases/palm-tree-destruction/index.html]
[mixpakrecords.com/wordpress/wp-content/uploads/2014/01/MIX045-Cover-Art-750px.jpg]
[mixpakrecords.com/releases/stand-accused/index.html]
[mixpakrecords.com/wordpress/wp-content/uploads/2014/01/MIX044-Cover-Art-1000.jpg]
[mixpakrecords.com/releases/pull-ova/index.html]
[mixpakrecords.com/wordpress/wp-content/uploads/2013/11/MIX043-Various-Artists-Gypsy-Riddim-Cover-Art-10001.jpg]
[mixpakrecords.com/wordpress/wp-content/uploads/2014/05/Popcaan-Love-Yuh-Bad-650.jpg]
[mixpakrecords.com/releases/gypsy-riddim/index.html]
[mixpakrecords.com/releases/love-yuh-bad/index.html]
[mixpakrecords.com/wordpress/wp-content/uploads/2013/11/First-Time-1000.jpg]
[mixpakrecords.com/releases/first-time-remixes/index.html]
[mixpakrecords.com/wordpress/wp-content/uploads/2013/11/CLOUDCOVER_LARGE.jpg]
[mixpakrecords.com/releases/cloud-club-ep/index.html]
[mixpakrecords.com/wordpress/wp-content/uploads/2013/10/MIX040-Cover-Art-500.jpg]
[mixpakrecords.com/releases/catch/index.html]
[mixpakrecords.com/wordpress/wp-content/uploads/2013/09/MIX039-Popcaan-Everything-Nice-Cover-Art-1000.jpg]
[mixpakrecords.com/releases/everything-nice/index.html]
[mixpakrecords.com/wordpress/wp-content/uploads/2013/08/Ariel-500.jpg]
[mixpakrecords.com/releases/ariel/index.html]
[mixpakrecords.com/wordpress/wp-content/uploads/2013/07/ARTWORK-INSF-RIDDIMS-1000.jpg]
[mixpakrecords.com/releases/inna-style-n-fashion-riddims/index.html]
[mixpakrecords.com/wordpress/wp-content/uploads/2013/04/ISNF-Cover-Art-500.jpg]
[mixpakrecords.com/releases/mixpak-presents-inna-style-n-fashion/index.html]
[mixpakrecords.com/wordpress/wp-content/uploads/2013/02/MPV2-1000.jpg]
[mixpakrecords.com/releases/mixpak-pressure-volume-two/index.html]
[mixpakrecords.com/wordpress/wp-content/uploads/2013/02/MIX034-Cover-Art-500.jpg]
[mixpakrecords.com/releases/self-help-riddims-ep/index.html]
[mixpakrecords.com/wordpress/wp-content/uploads/2012/10/Self-Help-Riddim-Cover-Art.jpg]
[mixpakrecords.com/releases/self-help-riddim/index.html]
[mixpakrecords.com/wordpress/wp-content/uploads/2012/09/Mixpak-Pressure-Volume-One-Cover-Art-500.jpg]
[mixpakrecords.com/releases/mixpak-pressure-volume-one/index.html]
[mixpakrecords.com/wordpress/wp-content/uploads/2013/04/Dre-Skull-First-Time-608x608.jpg]
[mixpakrecords.com/releases/first-time-feat-megan-james-popcaan/index.html]
[mixpakrecords.com/wordpress/wp-content/uploads/2012/07/Kling-Klang-Cover-Art-500.jpg]
[mixpakrecords.com/releases/kling-klang-riddim/index.html]
[mixpakrecords.com/wordpress/wp-content/uploads/2012/07/MIX030-Cover-Art-500.jpg]
[mixpakrecords.com/releases/obsession/index.html]
[mixpakrecords.com/wordpress/wp-content/uploads/2012/07/vybes_kartel_kingston_story_deluxe_edition_photo_by_ports_bishop-700x700.jpg]
[mixpakrecords.com/releases/kingston-story-deluxe-edition/index.html]
[mixpakrecords.com/wordpress/wp-content/uploads/2012/06/MIX029-Cover-Art-700x700.jpg]
[mixpakrecords.com/releases/all-good-fm/index.html]
[mixpakrecords.com/wordpress/wp-content/uploads/2012/04/mix026-cover-art-500px.jpg]
[mixpakrecords.com/releases/pop-it/index.html]
[mixpakrecords.com/wordpress/wp-content/uploads/2012/03/MIX025-Cover-Art-700x700.jpg]
[mixpakrecords.com/releases/get-gyal-easy-remixes/index.html]
[mixpakrecords.com/wordpress/wp-content/uploads/2012/02/MIX023-Cover-Art-1000px.jpg]
[mixpakrecords.com/releases/soca-road/index.html]
[mixpakrecords.com/wordpress/wp-content/uploads/2012/05/Loudspeaker-Riddim-Cover-500.jpg]
[mixpakrecords.com/releases/loudspeaker-riddim/index.html]
[mixpakrecords.com/wordpress/wp-content/uploads/2012/05/MIX027-Cover-Art-5001.jpg]
[mixpakrecords.com/releases/blowin-my-mind/index.html]
[mixpakrecords.com/wordpress/wp-content/uploads/2012/02/MIX024-Cover-Art-1000.jpg]
[mixpakrecords.com/releases/get-gyal-easy/index.html]
[mixpakrecords.com/wordpress/wp-content/uploads/2012/02/MIX021T-Cover-Art-500.jpg]
[mixpakrecords.com/releases/half-on-a-baby-remix-feat-pusha-t/index.html]
[mixpakrecords.com/wordpress/wp-content/uploads/2012/02/MIX022-Cover-Art-700x700.jpg]
[mixpakrecords.com/releases/hymn/index.html]
[mixpakrecords.com/wordpress/wp-content/uploads/2012/02/MIX021-Cover-500px.jpg]
[mixpakrecords.com/releases/half-on-a-baby-remixes/index.html]
[mixpakrecords.com/wordpress/wp-content/uploads/2012/02/mix020cover-500.jpg]
[mixpakrecords.com/releases/midsummer-tales-remixes/index.html]
[mixpakrecords.com/wordpress/wp-content/uploads/2012/02/starlight-500.jpg]
[mixpakrecords.com/releases/starlight/index.html]
[mixpakrecords.com/wordpress/wp-content/uploads/2012/02/mudders-50011.jpg]
[mixpakrecords.com/releases/mudders/index.html]
[mixpakrecords.com/wordpress/wp-content/uploads/2012/02/Rapper-Turned-Singer.jpg]
[mixpakrecords.com/releases/rapper-turned-singer/index.html]
[mixpakrecords.com/wordpress/wp-content/uploads/2012/02/vybz-kartel-go-go-wine-5501.jpg]
[mixpakrecords.com/releases/go-go-wine/index.html]
[mixpakrecords.com/wordpress/wp-content/uploads/2012/02/MIX-Lil-Scrappy-Look-At-Me-Remixes-Cover-500.jpg]
[mixpakrecords.com/releases/look-at-me-remixes/index.html]
[mixpakrecords.com/wordpress/wp-content/uploads/2012/02/midsummer-tale-500.jpg]
[mixpakrecords.com/releases/midsummer-tales/index.html]
[mixpakrecords.com/wordpress/wp-content/uploads/2012/02/hard-nips-500.jpg]
[mixpakrecords.com/releases/hard-nips/index.html]
[mixpakrecords.com/wordpress/wp-content/uploads/2012/02/lil-scrappy-look-at-me.jpg]
[mixpakrecords.com/releases/look-at-me/index.html]
[mixpakrecords.com/wordpress/wp-content/uploads/2012/02/Hot-Plate-Cover.jpg]
[mixpakrecords.com/releases/hot-plate/index.html]
[mixpakrecords.com/wordpress/wp-content/uploads/2012/02/Lord-Of-Bashy-Cover.jpg]
[mixpakrecords.com/releases/lord-of-bashy/index.html]
[mixpakrecords.com/wordpress/wp-content/uploads/2012/02/MIX008-Front-Cover.jpg]
[mixpakrecords.com/releases/bombay/index.html]
[mixpakrecords.com/wordpress/wp-content/uploads/2012/02/bonify-cover.jpg]
[mixpakrecords.com/releases/bonify/index.html]
[mixpakrecords.com/wordpress/wp-content/uploads/2012/02/lay_me_down_remixes_cover.jpg]
[mixpakrecords.com/releases/lay-me-down-remixes/index.html]
[mixpakrecords.com/wordpress/wp-content/uploads/2012/02/Jumeirah-Riddim-Cover.jpg]
[mixpakrecords.com/releases/jumeirah-riddim/index.html]
[mixpakrecords.com/wordpress/wp-content/uploads/2012/02/Vybz-Kartel-MIX004-Final-Cover.jpg]
[mixpakrecords.com/releases/yuh-love/index.html]
[mixpakrecords.com/wordpress/wp-content/uploads/2012/02/MIX003_700.jpg]
[mixpakrecords.com/releases/lay-me-down/index.html]
[mixpakrecords.com/wordpress/wp-content/uploads/2012/02/iwantyoucover.jpg]
[mixpakrecords.com/releases/i-want-you/index.html]
[mixpakrecords.com/wordpress/wp-content/uploads/2012/02/gone_too_far_cover.jpg]
[mixpakrecords.com/releases/gone-too-far/index.html]
[mixpakrecords.com/releases/index.html]
[mixpakrecords.com/wordpress/wp-content/uploads/2016/12/BoilerRoom-62-600x315.jpg]
[mixpakrecords.com/wp-json/oembed/1.0/embed218c.json]
[mixpakrecords.com/wp-json/oembed/1.0/embed1f53]
[mixpakrecords.com/wordpress/wp-content/uploads/2016/12/BoilerRoom-62-1920x1080.jpg]
[mixpakrecords.com/wordpress/wp-content/uploads/2019/12/Mixpak-x-Bashment-Flyer-Amended.jpg]
[mixpakrecords.com/events/index.html]
[mixpakrecords.com/wordpress/wp-content/uploads/2016/12/Screen-Shot-2017-03-06-at-10.51.36-600x315.png]
[mixpakrecords.com/wp-json/oembed/1.0/embed59e3.json]
[mixpakrecords.com/wp-json/oembed/1.0/embedbc44]
[mixpakrecords.com/wordpress/wp-content/uploads/2016/12/Screen-Shot-2017-03-06-at-10.51.36-1920x1080.png]
[mixpakrecords.com/wordpress/wp-content/uploads/2017/03/EN-TEST.mp4]
[mixpakrecords.com/videos/_https_/www.youtube.com/embed/37qzGSL8QZg250f]
[mixpakrecords.com/wordpress/wp-content/uploads/2019/11/Screenshot-2019-11-21-at-10.51.03-960x540.png]
[mixpakrecords.com/videos/_https_/www.youtube.com/embed/FVJcDAGBBo8250f]
[mixpakrecords.com/wordpress/wp-content/uploads/2019/08/Screen-Shot-2019-10-03-at-12.31.43-PM-960x540.png]
[mixpakrecords.com/videos/_https_/www.youtube.com/embed/FvK8-VOynPs250f]
[mixpakrecords.com/wordpress/wp-content/uploads/2019/06/Screenshot-2019-10-01-at-17.14.16-960x540.png]
[mixpakrecords.com/videos/_https_/www.youtube.com/embed/a9MyzWfv4WU250f]
[mixpakrecords.com/wordpress/wp-content/uploads/2019/08/Screen-Shot-2019-09-26-at-10.35.28-AM-960x540.png]
[mixpakrecords.com/videos/_https_/www.youtube.com/embed/khgyAxnDGRA250f]
[mixpakrecords.com/wordpress/wp-content/uploads/2019/09/Screen-Shot-2019-10-04-at-1.26.07-PM-960x540.png]
[mixpakrecords.com/videos/_https_/www.youtube.com/embed/PyR3hVIXAVI250f]
[mixpakrecords.com/wordpress/wp-content/uploads/2019/05/Screenshot-2019-07-15-at-14.47.30-960x540.png]
[mixpakrecords.com/videos/_https_/www.youtube.com/embed/EbPn37ub2zQ250f]
[mixpakrecords.com/wordpress/wp-content/uploads/2019/04/3-960x540.jpg]
[mixpakrecords.com/videos/_https_/www.youtube.com/embed/0rEBT_Ge3sc250f]
[mixpakrecords.com/wordpress/wp-content/uploads/2018/11/3-960x540.jpg]
[mixpakrecords.com/videos/_https_/www.youtube.com/embed/2bqXbE_-MEM250f]
[mixpakrecords.com/wordpress/wp-content/uploads/2018/08/Silence-Official-Thumbnail-Apple-Music-960x540.png]
[mixpakrecords.com/videos/_https_/www.youtube.com/embed/Ymmkv5DjvfE250f]
[mixpakrecords.com/wordpress/wp-content/uploads/2018/08/Dun-Rich-3-960x524.png]
[mixpakrecords.com/videos/_https_/www.youtube.com/embed/tDsfZVrs3j8250f]
[mixpakrecords.com/wordpress/wp-content/uploads/2019/01/02-960x540.png]
[mixpakrecords.com/videos/_https_/www.youtube.com/embed/H4INS2XxQyo250f]
[mixpakrecords.com/wordpress/wp-content/uploads/2018/08/Screen-Shot-2018-07-31-at-11.40.56-AM-960x540.png]
[mixpakrecords.com/videos/_https_/www.youtube.com/embed/UjisomXrBVI250f]
[mixpakrecords.com/wordpress/wp-content/uploads/2018/06/Screen-Shot-2018-07-27-at-6.26.29-PM-960x540.png]
[mixpakrecords.com/videos/_https_/www.youtube.com/embed/QVQDYrlO0Rk250f]
[mixpakrecords.com/wordpress/wp-content/uploads/2018/06/PorTi_florentino25_preview-960x540.jpg]
[mixpakrecords.com/videos/_https_/www.youtube.com/embed/wkJ4NDVUee8250f]
[mixpakrecords.com/wordpress/wp-content/uploads/2017/07/WINE-UP-STILL-6-960x540.jpg]
[mixpakrecords.com/videos/_https_/www.youtube.com/embed/uvk1zy0scFg250f]
[mixpakrecords.com/wordpress/wp-content/uploads/2017/04/lifted-thumbnail-02.jpg]
[mixpakrecords.com/videos/index.html]
[mixpakrecords.com/wordpress/wp-content/themes/mixpak2017/static/images/icon-arrow-left.svg]
[mixpakrecords.com/wordpress/wp-content/themes/mixpak2017/static/images/icon-arrow-right.svg]
[mixpakrecords.com/releases/call-for-location/index.html]
[mixpakrecords.com/videos/rovin/index.html]
[mixpakrecords.com/featured/slideshow/bota-bota/index.html]
[mixpakrecords.com/releases/baile-de-rua/index.html]
[mixpakrecords.com/2016/06/culture-clash-champions/index.html]
[mixpakrecords.com/fm/index.html]
[mixpakrecords.com/jobs/index.html]
[mixpakrecords.com/wordpress/wp-content/themes/mixpak2017/static/images/icon-x.svg]
[mixpakrecords.com/POST.html]
[mixpakrecords.com/2019/11/mixpak-10-year-anniversary-party/index.html]
[mixpakrecords.com/2019/11/jubilee-call-for-location-lp-out-now/index.html]
[mixpakrecords.com/2019/10/florentino-dime-que-tu-quieres-official-video/index.html]
[mixpakrecords.com/releases/ilimitado/index.html]
[mixpakrecords.com/2019/10/palmistry-rovin-official-video/index.html]
[mixpakrecords.com/2019/09/mc-buzzz-bota-bota-official-video/index.html]
[mixpakrecords.com/blog/page/2/index.html]
[mixpakrecords.com/indexc2c2.html]
[mixpakrecords.com/studios/index.html]
[mixpakrecords.com/artists/featured/mc-buzzz/index.html]
[mixpakrecords.com/artists/featured/dre-skull/index.html]
[mixpakrecords.com/artists/featured/jubilee/index.html]
[mixpakrecords.com/artists/featured/murlo/index.html]
[mixpakrecords.com/artists/featured/palmistry/index.html]
[mixpakrecords.com/artists/featured/popcaan/index.html]
[mixpakrecords.com/artists/featured/vybz-kartel/index.html]
[mixpakrecords.com/artists/featured/florentino/index.html]
[mixpakrecords.com/artists/featured/wildlife/index.html]
[mixpakrecords.com/artists/all/andy-petr/index.html]
[mixpakrecords.com/artists/all/beenie-man/index.html]
[mixpakrecords.com/artists/all/cory-blaine/index.html]
[mixpakrecords.com/artists/all/douster/index.html]
[mixpakrecords.com/artists/all/dubbel-dutch/index.html]
[mixpakrecords.com/releases/mami-feat-maluca/index.html]
[mixpakrecords.com/releases/ballads/index.html]
[mixpakrecords.com/releases/tu-mirada-feat-kaydy-cain/index.html]
[mixpakrecords.com/releases/na-fuga-feat-mc-bin-laden-mc-buzzz/index.html]
[mixpakrecords.com/releases/palmistry-water/index.html]
[mixpakrecords.com/releases/rovin/index.html]
[mixpakrecords.com/releases/shape-nice/index.html]
[mixpakrecords.com/releases/body-so-good-mr-eazi-remix/index.html]
[mixpakrecords.com/releases/contrabando/index.html]
[mixpakrecords.com/releases/wine-for-me/index.html]
[mixpakrecords.com/releases/popcaan-firm-and-strong/index.html]
[mixpakrecords.com/releases/body-so-good/index.html]
[mixpakrecords.com/releases/fragmentos/index.html]
[mixpakrecords.com/releases/real-bad-gal/index.html]
[mixpakrecords.com/releases/anima/index.html]
[mixpakrecords.com/releases/club-coil/index.html]
[mixpakrecords.com/releases/konshens-dont-worry/index.html]
[mixpakrecords.com/releases/patterns/index.html]
[mixpakrecords.com/releases/security/index.html]
[mixpakrecords.com/releases/odyssey/index.html]
[mixpakrecords.com/releases/konshens-gal-ting-remix-feat-patoranking/index.html]
[mixpakrecords.com/releases/calypso-fugitive/index.html]
[mixpakrecords.com/releases/memory-taffeta/index.html]
[mixpakrecords.com/releases/feverpitch-ep/index.html]
[mixpakrecords.com/releases/jealous/index.html]
[mixpakrecords.com/releases/blacklight-riddim/index.html]
[mixpakrecords.com/releases/jasmine-ep/index.html]
[mixpakrecords.com/releases/pakman/index.html]
[mixpakrecords.com/releases/protector-se5/index.html]
[mixpakrecords.com/releases/jmz-riddim/index.html]
[mixpakrecords.com/releases/palm-tree-destruction/index.html]
[mixpakrecords.com/releases/stand-accused/index.html]
[mixpakrecords.com/releases/pull-ova/index.html]
[mixpakrecords.com/releases/gypsy-riddim/index.html]
[mixpakrecords.com/releases/love-yuh-bad/index.html]
[mixpakrecords.com/releases/first-time-remixes/index.html]
[mixpakrecords.com/releases/cloud-club-ep/index.html]
[mixpakrecords.com/releases/catch/index.html]
[mixpakrecords.com/releases/everything-nice/index.html]
[mixpakrecords.com/releases/ariel/index.html]
[mixpakrecords.com/releases/inna-style-n-fashion-riddims/index.html]
[mixpakrecords.com/releases/mixpak-presents-inna-style-n-fashion/index.html]
[mixpakrecords.com/releases/mixpak-pressure-volume-two/index.html]
[mixpakrecords.com/releases/self-help-riddims-ep/index.html]
[mixpakrecords.com/releases/self-help-riddim/index.html]
[mixpakrecords.com/releases/mixpak-pressure-volume-one/index.html]
[mixpakrecords.com/releases/first-time-feat-megan-james-popcaan/index.html]
[mixpakrecords.com/releases/kling-klang-riddim/index.html]
[mixpakrecords.com/releases/obsession/index.html]
[mixpakrecords.com/releases/kingston-story-deluxe-edition/index.html]
[mixpakrecords.com/releases/all-good-fm/index.html]
[mixpakrecords.com/releases/pop-it/index.html]
[mixpakrecords.com/releases/get-gyal-easy-remixes/index.html]
[mixpakrecords.com/releases/soca-road/index.html]
[mixpakrecords.com/releases/loudspeaker-riddim/index.html]
[mixpakrecords.com/releases/blowin-my-mind/index.html]
[mixpakrecords.com/releases/get-gyal-easy/index.html]
[mixpakrecords.com/releases/half-on-a-baby-remix-feat-pusha-t/index.html]
[mixpakrecords.com/releases/hymn/index.html]
[mixpakrecords.com/releases/half-on-a-baby-remixes/index.html]
[mixpakrecords.com/releases/midsummer-tales-remixes/index.html]
[mixpakrecords.com/releases/starlight/index.html]
[mixpakrecords.com/releases/mudders/index.html]
[mixpakrecords.com/releases/rapper-turned-singer/index.html]
[mixpakrecords.com/releases/go-go-wine/index.html]
[mixpakrecords.com/releases/look-at-me-remixes/index.html]
[mixpakrecords.com/releases/midsummer-tales/index.html]
[mixpakrecords.com/releases/hard-nips/index.html]
[mixpakrecords.com/releases/look-at-me/index.html]
[mixpakrecords.com/releases/hot-plate/index.html]
[mixpakrecords.com/releases/lord-of-bashy/index.html]
[mixpakrecords.com/releases/bombay/index.html]
[mixpakrecords.com/releases/bonify/index.html]
[mixpakrecords.com/releases/lay-me-down-remixes/index.html]
[mixpakrecords.com/releases/jumeirah-riddim/index.html]
[mixpakrecords.com/releases/yuh-love/index.html]
[mixpakrecords.com/releases/lay-me-down/index.html]
[mixpakrecords.com/releases/i-want-you/index.html]
[mixpakrecords.com/releases/gone-too-far/index.html]
[mixpakrecords.com/index78a0.html]
[mixpakrecords.com/index7bf9.html]
[mixpakrecords.com/videos/_https_/www.youtube.com/embed/37qzGSL8QZg250f.html]
[mixpakrecords.com/videos/_https_/www.youtube.com/embed/FVJcDAGBBo8250f.html]
[mixpakrecords.com/videos/_https_/www.youtube.com/embed/FvK8-VOynPs250f.html]
[mixpakrecords.com/videos/_https_/www.youtube.com/embed/a9MyzWfv4WU250f.html]
[mixpakrecords.com/videos/_https_/www.youtube.com/embed/khgyAxnDGRA250f.html]
[mixpakrecords.com/videos/_https_/www.youtube.com/embed/PyR3hVIXAVI250f.html]
[mixpakrecords.com/videos/_https_/www.youtube.com/embed/EbPn37ub2zQ250f.html]
[mixpakrecords.com/videos/_https_/www.youtube.com/embed/0rEBT_Ge3sc250f.html]
[mixpakrecords.com/videos/_https_/www.youtube.com/embed/2bqXbE_-MEM250f.html]
[mixpakrecords.com/videos/_https_/www.youtube.com/embed/Ymmkv5DjvfE250f.html]
[mixpakrecords.com/videos/_https_/www.youtube.com/embed/tDsfZVrs3j8250f.html]
[mixpakrecords.com/videos/_https_/www.youtube.com/embed/H4INS2XxQyo250f.html]
[mixpakrecords.com/videos/_https_/www.youtube.com/embed/UjisomXrBVI250f.html]
[mixpakrecords.com/videos/_https_/www.youtube.com/embed/QVQDYrlO0Rk250f.html]
[mixpakrecords.com/videos/_https_/www.youtube.com/embed/wkJ4NDVUee8250f.html]
[mixpakrecords.com/videos/_https_/www.youtube.com/embed/uvk1zy0scFg250f.html]
[mixpakrecords.com/wordpress/wp-content/uploads/2019/11/TEST.jpg]
[mixpakrecords.com/wordpress/wp-content/uploads/2019/08/Screen-Shot-2019-10-03-at-12.31.43-PM.png]
[mixpakrecords.com/wordpress/wp-content/uploads/2019/06/Screenshot-2019-10-01-at-17.17.57-1920x1080.png]
[mixpakrecords.com/wordpress/wp-content/uploads/2012/06/RED-BULL-CULTURE-CLASH-SENT-GETTY-096-1-1920x1080.jpg]
[mixpakrecords.com/wordpress/wp-content/uploads/2019/07/Photo26_22A-960x540.png]
[mixpakrecords.com/artists/all/famous-eno/index.html]
[mixpakrecords.com/artists/all/gaika/index.html]
[mixpakrecords.com/artists/all/hard-nips/index.html]
[mixpakrecords.com/artists/all/koyote/index.html]
[mixpakrecords.com/artists/all/lil-scrappy/index.html]
[mixpakrecords.com/artists/all/machel-montano/index.html]
[mixpakrecords.com/artists/all/mele/index.html]
[mixpakrecords.com/artists/all/mr-one-hundred/index.html]
[mixpakrecords.com/artists/all/ms-thing-psycho-tanbad/index.html]
[mixpakrecords.com/artists/all/natalie-storm/index.html]
[mixpakrecords.com/artists/all/poirier/index.html]
[mixpakrecords.com/artists/all/schlachthofbronx/index.html]
[mixpakrecords.com/artists/all/sissy-nobby/index.html]
[mixpakrecords.com/artists/all/sizzla/index.html]
[mixpakrecords.com/artists/all/sticky-2/index.html]
[mixpakrecords.com/artists/all/tifa/index.html]
[mixpakrecords.com/artists/all/warrior-one/index.html]
[mixpakrecords.com/releases/albums/index.html]
[mixpakrecords.com/releases/feed/index.html]
[mixpakrecords.com/wordpress/wp-content/uploads/2019/10/Call-For-Location-web.jpg]
[mixpakrecords.com/releases/afterlife/index.html]
[mixpakrecords.com/wordpress/wp-content/uploads/2019/05/Afterlife-cover-art-web-960x960.jpg]
[mixpakrecords.com/releases/forever/index.html]
[mixpakrecords.com/releases/after-hours/index.html]
[mixpakrecords.com/wordpress/wp-content/uploads/2016/08/unspecified.png]
[mixpakrecords.com/releases/pagan/index.html]
[mixpakrecords.com/wordpress/wp-content/uploads/2016/04/PAGAN-1000.jpeg]
[mixpakrecords.com/releases/come/index.html]
[mixpakrecords.com/wordpress/wp-content/uploads/2014/05/Popcaan-cover-art-final1.jpeg]
[mixpakrecords.com/releases/kingston-story/index.html]
[mixpakrecords.com/wordpress/wp-content/uploads/2011/06/kingston-story-cover-art.jpg]
[mixpakrecords.com/releases/florentino-ilimitado-remixes/index.html]
[mixpakrecords.com/wordpress/wp-content/uploads/2019/12/FLORENTINO-ILIMITADO-REMIXES-V3-960x960.jpg]
[mixpakrecords.com/releases/shots-feat-p-money/index.html]
[mixpakrecords.com/wordpress/wp-content/uploads/2019/09/Jubilee-Shots-WEB-960x960.jpg]
[mixpakrecords.com/wordpress/wp-content/uploads/2019/09/MIX084-MC-Buzzz-Baile-de-Rua-Cover-Art-web-960x960.jpg]
[mixpakrecords.com/releases/fulla-curve-feat-iq/index.html]
[mixpakrecords.com/wordpress/wp-content/uploads/2019/08/Fulla-Curve-Web-960x960.jpg]
[mixpakrecords.com/releases/maluco-feat-di-meh/index.html]
[mixpakrecords.com/wordpress/wp-content/uploads/2019/07/Maluco_cover-web-960x960.jpg]
[mixpakrecords.com/wordpress/wp-content/uploads/2018/08/Dun-Rich-3-960x524.png]
[mixpakrecords.com/wordpress/wp-content/uploads/2018/08/Screen-Shot-2018-07-31-at-11.40.56-AM-960x540.png]
[mixpakrecords.com/wordpress/wp-content/uploads/2017/04/lifted-thumbnail-02.jpg]
[mixpakrecords.com/videos/_https_/www.youtube.com/embed/OjsG2sUzikw250f]
[mixpakrecords.com/wordpress/wp-content/uploads/2016/12/Tired-of-You-Video-Still-960x540.jpg]
[mixpakrecords.com/videos/_https_/www.youtube.com/embed/jR67XTL0yaU250f]
[mixpakrecords.com/wordpress/wp-content/uploads/2012/06/RED-BULL-CULTURE-CLASH-SENT-GETTY-096.jpg]
[mixpakrecords.com/videos/_https_/www.youtube.com/embed/Pk6YUqTR5BQ250f]
[mixpakrecords.com/wordpress/wp-content/uploads/2017/02/Screen-Shot-2017-02-17-at-12.03.31-960x540.png]
[mixpakrecords.com/videos/_https_/www.youtube.com/embed/3ZdcxgS5rh8250f]
[mixpakrecords.com/wordpress/wp-content/uploads/2017/02/Screen-Shot-2017-02-17-at-12.15.35-960x540.png]
[mixpakrecords.com/videos/_https_/www.youtube.com/embed/TfiIZeD6Xog250f]
[mixpakrecords.com/wordpress/wp-content/uploads/2017/02/Screen-Shot-2017-02-17-at-12.20.43-960x540.png]
[mixpakrecords.com/videos/_https_/www.youtube.com/embed/gzzdsb_SX8c250f]
[mixpakrecords.com/wordpress/wp-content/uploads/2017/02/Screen-Shot-2017-02-17-at-12.11.09-1-960x540.png]
[mixpakrecords.com/videos/_https_/www.youtube.com/embed/zVmyo3-ujkg250f]
[mixpakrecords.com/wordpress/wp-content/uploads/2015/07/hqdefault19.jpg]
[mixpakrecords.com/videos/_https_/www.youtube.com/embed/nCaeioeKduE250f]
[mixpakrecords.com/wordpress/wp-content/uploads/2015/07/hqdefault.jpg]
[mixpakrecords.com/videos/_https_/www.youtube.com/embed/salG4QDeOKY250f]
[mixpakrecords.com/wordpress/wp-content/uploads/2015/07/hqdefault2.jpg]
[mixpakrecords.com/videos/_https_/www.youtube.com/embed/Rom4qWtEkMA250f]
[mixpakrecords.com/wordpress/wp-content/uploads/2015/07/hqdefault3.jpg]
[mixpakrecords.com/videos/_https_/www.youtube.com/embed/pMuvyjDwkJc250f]
[mixpakrecords.com/wordpress/wp-content/uploads/2015/07/hqdefault4.jpg]
[mixpakrecords.com/videos/_https_/www.youtube.com/embed/MF7cWbsW3ls250f]
[mixpakrecords.com/wordpress/wp-content/uploads/2015/07/hqdefault1.jpg]
[mixpakrecords.com/videos/_https_/www.youtube.com/embed/d2F0YcH0Phg250f]
[mixpakrecords.com/wordpress/wp-content/uploads/2017/05/Ports_121114_1983.jpg]
[mixpakrecords.com/videos/_https_/www.youtube.com/embed/HyAUrshiUvI250f]
[mixpakrecords.com/wordpress/wp-content/uploads/2015/07/hqdefault6.jpg]
[mixpakrecords.com/videos/_https_/www.youtube.com/embed/LeQ0asfmvBs250f]
[mixpakrecords.com/wordpress/wp-content/uploads/2015/07/hqdefault7.jpg]
[mixpakrecords.com/videos/_https_/www.youtube.com/embed/HQOHAVb9Wdg250f]
[mixpakrecords.com/wordpress/wp-content/uploads/2015/07/hqdefault12.jpg]
[mixpakrecords.com/videos/_https_/www.youtube.com/embed/v8xWSE00Wzw250f]
[mixpakrecords.com/wordpress/wp-content/uploads/2017/02/Screen-Shot-2017-02-17-at-12.22.45-960x540.png]
[mixpakrecords.com/videos/_https_/www.youtube.com/embed/videoseries370e]
[mixpakrecords.com/wordpress/wp-content/uploads/2015/07/hqdefault18.jpg]
[mixpakrecords.com/videos/_https_/www.youtube.com/embed/2ah8lhmKEUQ250f]
[mixpakrecords.com/wordpress/wp-content/uploads/2017/05/Screen-Shot-2017-05-04-at-14.29.39-960x540.png]
[mixpakrecords.com/videos/_https_/www.youtube.com/embed/-wQLSsLVlt4250f]
[mixpakrecords.com/wordpress/wp-content/uploads/2015/07/hqdefault10.jpg]
[mixpakrecords.com/videos/_https_/www.youtube.com/embed/o7tn75oQQQM250f]
[mixpakrecords.com/wordpress/wp-content/uploads/2015/07/hqdefault5.jpg]
[mixpakrecords.com/videos/_https_/www.youtube.com/embed/fVYvRo3QRqY250f]
[mixpakrecords.com/wordpress/wp-content/uploads/2015/07/hqdefault21.jpg]
[mixpakrecords.com/videos/_https_/www.youtube.com/embed/6tPnYwZ04aw250f]
[mixpakrecords.com/wordpress/wp-content/uploads/2015/07/hqdefault11.jpg]
[mixpakrecords.com/videos/_https_/www.youtube.com/embed/FRTD3gsYjrw250f]
[mixpakrecords.com/wordpress/wp-content/uploads/2015/07/hqdefault9.jpg]
[mixpakrecords.com/videos/_https_/www.youtube.com/embed/162Pw-NfXgw250f]
[mixpakrecords.com/wordpress/wp-content/uploads/2017/09/Screen-Shot-2017-09-07-at-4.44.55-PM.png]
[mixpakrecords.com/videos/_https_/www.youtube.com/embed/fichp4N7Cao250f]
[mixpakrecords.com/wordpress/wp-content/uploads/2015/07/hqdefault13.jpg]
[mixpakrecords.com/videos/_https_/www.youtube.com/embed/quW0tiPFl3s250f]
[mixpakrecords.com/wordpress/wp-content/uploads/2015/07/hqdefault20.jpg]
[mixpakrecords.com/videos/_https_/www.youtube.com/embed/rsQ6EF6V3uE250f]
[mixpakrecords.com/wordpress/wp-content/uploads/2015/07/hqdefault14.jpg]
[mixpakrecords.com/videos/_https_/www.youtube.com/embed/u14VbYtPTaE250f]
[mixpakrecords.com/wordpress/wp-content/uploads/2015/07/hqdefault15.jpg]
[mixpakrecords.com/videos/_https_/www.youtube.com/embed/aqw5OqqEXYU250f]
[mixpakrecords.com/wordpress/wp-content/uploads/2015/07/hqdefault16.jpg]
[mixpakrecords.com/videos/_https_/www.youtube.com/embed/T71MeChfY8Q250f]
[mixpakrecords.com/wordpress/wp-content/uploads/2015/07/hqdefault17.jpg]
[mixpakrecords.com/wordpress/wp-content/uploads/2019/10/Call-For-Location-web-600x315.jpg]
[mixpakrecords.com/index79d8.html]
[mixpakrecords.com/wp-json/oembed/1.0/embedbe72]
[mixpakrecords.com/wp-json/oembed/1.0/embed15fd]
[mixpakrecords.com/wordpress/wp-content/uploads/2019/11/TEST-960x500.jpg]
[mixpakrecords.com/wordpress/wp-content/uploads/2019/05/CFL-twitter-banner-out-now-960x500.jpg]
[mixpakrecords.com/2019/09/jubilee-shots-feat-p-money/index.html]
[mixpakrecords.com/wordpress/wp-content/uploads/2019/09/shots-twitter-banner-960x500.jpg]
[mixpakrecords.com/2019/08/jubilee-fulla-curve-feat-iq/index.html]
[mixpakrecords.com/wordpress/wp-content/uploads/2018/10/fulla-curve-twitter-banner-960x500.jpg]
[mixpakrecords.com/2019/07/jubilee-mami-feat-maluca-out-at-midnight/index.html]
[mixpakrecords.com/wordpress/wp-content/uploads/2019/07/mami-twitter-banner-960x500.jpg]
[mixpakrecords.com/2018/05/tonight-mixpak-at-village-underground-london/index.html]
[mixpakrecords.com/wordpress/wp-content/uploads/2018/04/mixpak-party-banner-1-960x640.jpg]
[mixpakrecords.com/2018/05/mixpak-x-reprezent-takeover/index.html]
[mixpakrecords.com/wordpress/wp-content/uploads/2018/05/reprezent-blog-960x640.jpg]
[mixpakrecords.com/2018/02/mixpak-residency-at-black-flamingo-ny/index.html]
[mixpakrecords.com/wordpress/wp-content/uploads/2018/02/residency-website-960x640.jpg]
[mixpakrecords.com/2018/01/jubilee-on-tour-with-keys-n-krates/index.html]
[mixpakrecords.com/wordpress/wp-content/uploads/2016/10/JESS_8-443-FINAL-CREDIT-SQUID-STILLS-copy-960x667.jpg]
[mixpakrecords.com/2018/01/jubilee-on-bbc-radio-1s-residency-tonight/index.html]
[mixpakrecords.com/wordpress/wp-content/uploads/2018/01/jubilee3x-960x640.jpg]
[mixpakrecords.com/2017/12/mixpak-holiday-bundle-2017/index.html]
[mixpakrecords.com/wordpress/wp-content/uploads/2017/12/bundlewebsite-960x640.jpg]
[mixpakrecords.com/2017/11/mixpak-x-tryna-function-manara-dj-tunez-jubilee-more/index.html]
[mixpakrecords.com/wordpress/wp-content/uploads/2017/11/manara-party-blog-heading-960x640.jpg]
[mixpakrecords.com/wordpress/wp-content/uploads/2019/04/Screen-Shot-2019-09-26-at-10.43.33-AM-600x315.png]
[mixpakrecords.com/index7305.html]
[mixpakrecords.com/wp-json/oembed/1.0/embedeaf2]
[mixpakrecords.com/wp-json/oembed/1.0/embed565f]
[mixpakrecords.com/wordpress/wp-content/uploads/2019/09/MIX084-MC-Buzzz-Baile-de-Rua-Cover-Art-web-600x315.jpg]
[mixpakrecords.com/index77e0.html]
[mixpakrecords.com/wp-json/oembed/1.0/embed8f74]
[mixpakrecords.com/wp-json/oembed/1.0/embed1a6a]
[mixpakrecords.com/wordpress/wp-content/uploads/2019/09/MIX084-MC-Buzzz-Baile-de-Rua-Cover-Art-web.jpg]
[mixpakrecords.com/wordpress/wp-content/uploads/2019/04/Screen-Shot-2019-09-26-at-10.43.33-AM-960x807.png]
[mixpakrecords.com/wordpress/wp-content/uploads/2016/06/SS_160617_Culture-Clash-web-3063-600x315.jpg]
[mixpakrecords.com/2016/06/culture-clash-champions/feed/index.html]
[mixpakrecords.com/2016/06/mixpak-x-tryna-function-june-24/index.html]
[mixpakrecords.com/2016/07/mixpak-x-tryna-function-july-16/index.html]
[mixpakrecords.com/index860d.html]
[mixpakrecords.com/wp-json/oembed/1.0/embed1d7a]
[mixpakrecords.com/wp-json/oembed/1.0/embedd8c4]
[mixpakrecords.com/wordpress/wp-content/uploads/2016/06/SS_160617_Culture-Clash-web-3063-1920x1080.jpg]
[platform.instagram.com/en_US/embeds.js]
[mixpakrecords.com/wordpress/wp-content/uploads/2014/11/fm-bg-600x315.jpg]
[mixpakrecords.com/fm/feed/index.html]
[mixpakrecords.com/index6351.html]
[mixpakrecords.com/wp-json/oembed/1.0/embed9d77]
[mixpakrecords.com/wp-json/oembed/1.0/embedb301]
[mixpakrecords.com/wordpress/wp-content/uploads/2014/11/fm-bg.jpg]
[mixpakrecords.com/wordpress/wp-content/uploads/2017/07/fm-banner.jpg]
[www.mixpakrecords.com/jobs/style.css]
[connect.facebook.net/en_US/all.js]
[platform.twitter.com/widgets.js]
[mixpakrecords.com/jobs/Mixpak-Logo-125.jpg]
[mixpakrecords.com/wordpress/wp-content/uploads/2019/11/TEST-600x315.jpg]
[mixpakrecords.com/2019/11/mixpak-10-year-anniversary-party/feed/index.html]
[mixpakrecords.com/indexb77f.html]
[mixpakrecords.com/wp-json/oembed/1.0/embed996b]
[mixpakrecords.com/wp-json/oembed/1.0/embed6430]
[mixpakrecords.com/wordpress/wp-content/uploads/2019/05/CFL-twitter-banner-out-now-600x315.jpg]
[mixpakrecords.com/2019/11/jubilee-call-for-location-lp-out-now/feed/index.html]
[mixpakrecords.com/indexcf81.html]
[mixpakrecords.com/wp-json/oembed/1.0/embed9fc9]
[mixpakrecords.com/wp-json/oembed/1.0/embedb5e1]
[mixpakrecords.com/wordpress/wp-content/uploads/2019/08/Screen-Shot-2019-10-03-at-12.31.43-PM-600x315.png]
[mixpakrecords.com/2019/10/florentino-dime-que-tu-quieres-official-video/feed/index.html]
[mixpakrecords.com/indexd3d0.html]
[mixpakrecords.com/wp-json/oembed/1.0/embed4df1]
[mixpakrecords.com/wp-json/oembed/1.0/embedaccc]
[mixpakrecords.com/wordpress/wp-content/uploads/2019/07/FLORENTINO-ILIMITADO-FINAL-COVER-WEB-600x315.jpg]
[mixpakrecords.com/indexf293.html]
[mixpakrecords.com/wp-json/oembed/1.0/embed2386]
[mixpakrecords.com/wp-json/oembed/1.0/embed4404]
[mixpakrecords.com/wordpress/wp-content/uploads/2019/07/FLORENTINO-ILIMITADO-FINAL-COVER-WEB.jpg]
[mixpakrecords.com/wordpress/wp-content/uploads/2019/08/Screen-Shot-2019-10-03-at-12.31.43-PM-960x900.png]
[mixpakrecords.com/2019/07/florentino-ilimitado-ep-out-today/index.html]
[mixpakrecords.com/wordpress/wp-content/uploads/2019/06/Florentino-Ilimitado-edits-4-WEB-960x667.jpg]
[mixpakrecords.com/2018/09/florentino-contrabando-out-now-vinyl-only-release-exclusive-to-mixpak-store/index.html]
[mixpakrecords.com/wordpress/wp-content/uploads/2018/03/contrabando-banner-960x640.jpg]
[mixpakrecords.com/2018/06/florentino-bad-gyal-por-ti-official-video/index.html]
[mixpakrecords.com/wordpress/wp-content/uploads/2018/06/PorTi_florentino25_preview-960x853.jpg]
[mixpakrecords.com/2018/04/florentino-on-triple-j-radios-the-kick-on/index.html]
[mixpakrecords.com/wordpress/wp-content/uploads/2017/07/LPR_9873-960x960.jpg]
[mixpakrecords.com/2018/04/florentino-on-nts-radio/index.html]
[mixpakrecords.com/wordpress/wp-content/uploads/2018/04/5f56166d-3864-4c67-a9b4-a6eb0ce1d412-960x960.jpg]
[mixpakrecords.com/2018/04/florentino-fragmentos-out-now/index.html]
[mixpakrecords.com/wordpress/wp-content/uploads/2018/03/fragmentos-blog-960x640.jpg]
[mixpakrecords.com/2018/03/florentino-bad-gyal-por-ti-out-now-full-ep-dropping-april-13/index.html]
[mixpakrecords.com/2018/02/bad-gyal-x-florentino-blink/index.html]
[mixpakrecords.com/wordpress/wp-content/uploads/2018/02/blinkblogpost-960x640.jpg]
[mixpakrecords.com/2017/08/new-signing-florentino/index.html]
[mixpakrecords.com/wordpress/wp-content/uploads/2019/06/Screenshot-2019-10-01-at-17.17.57-600x315.png]
[mixpakrecords.com/2019/10/palmistry-rovin-official-video/feed/index.html]
[mixpakrecords.com/indexd294.html]
[mixpakrecords.com/wp-json/oembed/1.0/embedc057]
[mixpakrecords.com/wp-json/oembed/1.0/embed670c]
[mixpakrecords.com/2019/09/mc-buzzz-bota-bota-official-video/feed/index.html]
[mixpakrecords.com/indexa9f2.html]
[mixpakrecords.com/wp-json/oembed/1.0/embed4ec0]
[mixpakrecords.com/wp-json/oembed/1.0/embed6e7f]
[mixpakrecords.com/wordpress/wp-content/uploads/2019/09/shots-twitter-banner.jpg]
[mixpakrecords.com/artists/jubilee]
[mixpakrecords.com/2019/09/mc-buzzz-baile-de-rua/index.html]
[mixpakrecords.com/artists/mc-buzzz]
[mixpakrecords.com/wordpress/wp-content/uploads/2018/10/fulla-curve-twitter-banner.jpg]
[mixpakrecords.com/wordpress/wp-content/uploads/2019/04/maluco-twitter.jpg]
[mixpakrecords.com/2019/08/mc-buzzz-maluco-official-video/index.html]
[mixpakrecords.com/2019/07/mc-buzzz-maluco-feat-di-meh-baile-de-rua-tape-out-soon/index.html]
[mixpakrecords.com/blog/page/3/index.html]
[mixpakrecords.com/wordpress/wp-content/uploads/2015/07/rooftopCompressed.jpg]
[mixpakrecords.com/index7bcd.html]
[mixpakrecords.com/wp-json/oembed/1.0/embed5407]
[mixpakrecords.com/wp-json/oembed/1.0/embede263]
[mixpakrecords.com/wordpress/wp-content/uploads/2015/07/Mixpak-Studios-Logo-illsutrator-transparent-big-WHITEcompterssed-e1482440491310.png]
[mixpakrecords.com/wordpress/wp-content/uploads/2015/07/studio-B-image-2.jpg]
[mixpakrecords.com/wordpress/wp-content/uploads/2015/07/Mixpak-Studio-A-panorama-925x600.jpg]
[mixpakrecords.com/wordpress/wp-content/uploads/2019/07/Photo26_22A-600x315.png]
[mixpakrecords.com/artists/all/index.html]
[mixpakrecords.com/indexde5e.html]
[mixpakrecords.com/wp-json/oembed/1.0/embed473c]
[mixpakrecords.com/wp-json/oembed/1.0/embed8886]
[mixpakrecords.com/wordpress/wp-content/uploads/2019/07/Photo26_22A.png]
[mixpakrecords.com/wordpress/wp-content/uploads/2012/02/Dre-Skull-Kingston-Photo-by-Tony-Lowe-2-600x315.jpg]
[mixpakrecords.com/index265a.html]
[mixpakrecords.com/wp-json/oembed/1.0/embeda944]
[mixpakrecords.com/wp-json/oembed/1.0/embed1dca]
[mixpakrecords.com/wordpress/wp-content/uploads/2012/02/Dre-Skull-Kingston-Photo-by-Tony-Lowe-2.jpg]
[mixpakrecords.com/wordpress/wp-content/uploads/2012/04/Jubilee-Press-shot-600x315.jpeg]
[mixpakrecords.com/index56a1.html]
[mixpakrecords.com/wp-json/oembed/1.0/embed5075]
[mixpakrecords.com/wp-json/oembed/1.0/embedf54f]
[mixpakrecords.com/wordpress/wp-content/uploads/2012/04/Jubilee-Press-shot.jpeg]
[mixpakrecords.com/wordpress/wp-content/uploads/2013/08/murlo_resize-600x315.jpg]
[mixpakrecords.com/index2798.html]
[mixpakrecords.com/wp-json/oembed/1.0/embed2602]
[mixpakrecords.com/wp-json/oembed/1.0/embed6c9b]
[mixpakrecords.com/wordpress/wp-content/uploads/2013/08/murlo_resize-1920x1080.jpg]
[mixpakrecords.com/wordpress/wp-content/uploads/2013/10/Palmistry-001-600x315.jpg]
[mixpakrecords.com/indexf56f.html]
[mixpakrecords.com/wp-json/oembed/1.0/embed7091]
[mixpakrecords.com/wp-json/oembed/1.0/embed32a0]
[mixpakrecords.com/wordpress/wp-content/uploads/2013/10/Palmistry-001-1920x1080.jpg]
[mixpakrecords.com/releases/afterlife]
[mixpakrecords.com/wordpress/wp-content/uploads/2012/04/popcaan-artist-page-600x315.jpg]
[mixpakrecords.com/index0819.html]
[mixpakrecords.com/wp-json/oembed/1.0/embedd708]
[mixpakrecords.com/wp-json/oembed/1.0/embed07bd]
[mixpakrecords.com/wordpress/wp-content/uploads/2012/04/popcaan-artist-page.jpg]
[mixpakrecords.com/wordpress/wp-content/uploads/2012/02/Ports_VK_001_C_10x10.-1-600x315.jpg]
[mixpakrecords.com/indexfb4a.html]
[mixpakrecords.com/wp-json/oembed/1.0/embedb78f]
[mixpakrecords.com/wp-json/oembed/1.0/embed468c]
[mixpakrecords.com/wordpress/wp-content/uploads/2012/02/Ports_VK_001_C_10x10.-1-1920x1080.jpg]
[mixpakrecords.com/wordpress/wp-content/uploads/2019/06/Florentino-Ilimitado-edits-1-WEB-600x315.jpg]
[mixpakrecords.com/artists/featured/index.html]
[mixpakrecords.com/index0144.html]
[mixpakrecords.com/wp-json/oembed/1.0/embed9a63]
[mixpakrecords.com/wp-json/oembed/1.0/embedde1e]
[mixpakrecords.com/wordpress/wp-content/uploads/2019/06/Florentino-Ilimitado-edits-1-WEB.jpg]
[mixpakrecords.com/wordpress/wp-content/uploads/2015/03/Wildlife_web-1-600x315.jpg]
[mixpakrecords.com/index5cf1.html]
[mixpakrecords.com/wp-json/oembed/1.0/embed2bdb]
[mixpakrecords.com/wp-json/oembed/1.0/embed5406]
[mixpakrecords.com/wordpress/wp-content/uploads/2015/03/Wildlife_web-1-1920x1080.jpg]
[mixpakrecords.com/wordpress/wp-content/uploads/2012/01/Andy-Petr-600x315.jpg]
[mixpakrecords.com/index09e2.html]
[mixpakrecords.com/wp-json/oembed/1.0/embed0899]
[mixpakrecords.com/wp-json/oembed/1.0/embed9d99]
[mixpakrecords.com/wordpress/wp-content/uploads/2012/01/Andy-Petr.jpg]
[mixpakrecords.com/wordpress/wp-content/uploads/2013/01/beenieman.jpg]
[mixpakrecords.com/index9209.html]
[mixpakrecords.com/wp-json/oembed/1.0/embed4882]
[mixpakrecords.com/wp-json/oembed/1.0/embedfabc]
[mixpakrecords.com/wordpress/wp-content/uploads/2012/04/Cory-Blaine-7001.jpg]
[mixpakrecords.com/index3f8e.html]
[mixpakrecords.com/wp-json/oembed/1.0/embedaf2d]
[mixpakrecords.com/wp-json/oembed/1.0/embed07ef]
[mixpakrecords.com/wordpress/wp-content/uploads/2013/01/douster_crop2-600x315.jpg]
[mixpakrecords.com/indexa384.html]
[mixpakrecords.com/wp-json/oembed/1.0/embed4b76]
[mixpakrecords.com/wp-json/oembed/1.0/embedb7b2]
[mixpakrecords.com/wordpress/wp-content/uploads/2013/01/douster_crop2-1920x857.jpg]
[mixpakrecords.com/wordpress/wp-content/uploads/2012/04/dubbel_crop-600x315.jpg]
[mixpakrecords.com/index1543.html]
[mixpakrecords.com/wp-json/oembed/1.0/embed6fdf]
[mixpakrecords.com/wp-json/oembed/1.0/embede83d]
[mixpakrecords.com/wordpress/wp-content/uploads/2012/04/dubbel_crop-1920x1057.jpg]
[mixpakrecords.com/wordpress/wp-content/uploads/2019/07/Jubilee-Mami-Web-600x315.jpg]
[mixpakrecords.com/indexa7c1.html]
[mixpakrecords.com/wp-json/oembed/1.0/embedac85]
[mixpakrecords.com/wp-json/oembed/1.0/embed779b]
[mixpakrecords.com/wordpress/wp-content/uploads/2019/07/Jubilee-Mami-Web.jpg]
[mixpakrecords.com/wordpress/wp-content/uploads/2019/07/Ballads-Cover-Web-600x315.jpg]
[mixpakrecords.com/indexff42.html]
[mixpakrecords.com/wp-json/oembed/1.0/embed2c81]
[mixpakrecords.com/wp-json/oembed/1.0/embedb603]
[mixpakrecords.com/wordpress/wp-content/uploads/2019/07/Ballads-Cover-Web.jpg]
[mixpakrecords.com/2017/09/mixpak-radio-roundup/index.html]
[mixpakrecords.com/wordpress/wp-content/uploads/2017/09/MoMA-PS1-Warm-Up-July-8-Scott-Hoffmann-Photography-00141-960x960.jpg]
[mixpakrecords.com/2017/09/wildlife-show-on-know-wave-radio/index.html]
[mixpakrecords.com/wordpress/wp-content/uploads/2017/07/Header-01-960x960.jpg]
[mixpakrecords.com/2017/07/wildlife-on-nts-radio/index.html]
[mixpakrecords.com/wordpress/wp-content/uploads/2017/07/Header-01-1-960x643.jpg]
[mixpakrecords.com/2017/07/wildlife-anima-ep-out-now/index.html]
[mixpakrecords.com/2017/07/announcing-wildlife-anima/index.html]
[mixpakrecords.com/2016/12/thanks-for-2016/index.html]
[mixpakrecords.com/2016/10/mixpak-at-the-museum-of-natural-history/index.html]
[mixpakrecords.com/wordpress/wp-content/uploads/2016/10/Rose_Center_for_Earth_and_Space_by_Frederick_Phineas_and_Sandra_Priest_New_York_04003a.jpg]
[mixpakrecords.com/2016/09/wildlife-for-liminal-sounds/index.html]
[mixpakrecords.com/wordpress/wp-content/uploads/2016/09/Screen-Shot-2016-09-12-at-10.42.45-AM.png]
[mixpakrecords.com/2016/08/listen-wildlifes-mix-electronic-exploration-series/index.html]
[mixpakrecords.com/wordpress/wp-content/uploads/2015/03/WILDLIFE_double.jpg]
[mixpakrecords.com/2016/06/wildlife-patterns-installation-video/index.html]
[mixpakrecords.com/wordpress/wp-content/uploads/2016/06/02-mixpak-wildlife-36-blue-copy-960x667.jpg]
[mixpakrecords.com/2016/05/stream-wildlife-live-on-the-lot-radio/index.html]
[mixpakrecords.com/2016/05/wildlife-patterns-out-now/index.html]
[mixpakrecords.com/wordpress/wp-content/uploads/2016/05/wildlife_cover_crop-960x960.jpg]
[mixpakrecords.com/wordpress/wp-content/uploads/2019/06/FLORENTINO-TU-MIRADA-COVER-WEB-600x315.jpg]
[mixpakrecords.com/index4cb2.html]
[mixpakrecords.com/wp-json/oembed/1.0/embed42c5]
[mixpakrecords.com/wp-json/oembed/1.0/embed3cc0]
[mixpakrecords.com/wordpress/wp-content/uploads/2019/06/FLORENTINO-TU-MIRADA-COVER-WEB.jpg]
[mixpakrecords.com/wordpress/wp-content/uploads/2019/06/FLORENTINO-NA-FUGA-COVER-WEB-600x315.jpg]
[mixpakrecords.com/indexa7d2.html]
[mixpakrecords.com/wp-json/oembed/1.0/embed037a]
[mixpakrecords.com/wp-json/oembed/1.0/embede30c]
[mixpakrecords.com/wordpress/wp-content/uploads/2019/06/FLORENTINO-NA-FUGA-COVER-WEB.jpg]
[mixpakrecords.com/wordpress/wp-content/uploads/2019/03/Water-Web-600x315.jpg]
[mixpakrecords.com/indexf3e0.html]
[mixpakrecords.com/wp-json/oembed/1.0/embed7701]
[mixpakrecords.com/wp-json/oembed/1.0/embed6c03]
[mixpakrecords.com/wordpress/wp-content/uploads/2019/03/Water-Web.jpg]
[mixpakrecords.com/wordpress/wp-content/uploads/2019/06/Screenshot-2019-10-01-at-17.17.57-960x960.png]
[mixpakrecords.com/2019/05/palmistry-afterlife/index.html]
[mixpakrecords.com/wordpress/wp-content/uploads/2019/04/Afterlife-cover-art-website-960x395.jpg]
[mixpakrecords.com/2019/03/palmistry-water/index.html]
[mixpakrecords.com/wordpress/wp-content/uploads/2019/03/water-website-960x432.jpg]
[mixpakrecords.com/2017/12/palmistry-european-tour/index.html]
[mixpakrecords.com/wordpress/wp-content/uploads/2017/02/Palmistry-Tour-Flyer-Final-650x650-1.jpeg]
[mixpakrecords.com/2017/04/palmistry-pagan-re-release/index.html]
[mixpakrecords.com/2017/01/palmistry-us-tour-2017/index.html]
[mixpakrecords.com/wordpress/wp-content/uploads/2013/10/palmistry_resize-960x960.jpg]
[mixpakrecords.com/2016/10/mixpak-on-rinse-october-2016/index.html]
[mixpakrecords.com/wordpress/wp-content/uploads/2016/10/17Oct_Mixpak-960x960.jpg]
[mixpakrecords.com/2016/06/palmistry-pagan-out-now/index.html]
[mixpakrecords.com/wordpress/wp-content/uploads/2016/06/Untitled-3-960x640.jpg]
[mixpakrecords.com/2016/06/mixpak-in-the-new-yorker/index.html]
[mixpakrecords.com/wordpress/wp-content/uploads/2016/06/Screen-Shot-2016-05-30-at-14.58.03-960x960.png]
[mixpakrecords.com/2016/06/palmistry-lifted-official-video/index.html]
[mixpakrecords.com/2016/05/palmistry-lifted/index.html]
[mixpakrecords.com/wordpress/wp-content/uploads/2016/05/unnamed-1-960x960.jpg]
[mixpakrecords.com/wordpress/wp-content/uploads/2019/04/Rovin-Cover-Web-600x315.jpg]
[mixpakrecords.com/index3015.html]
[mixpakrecords.com/wp-json/oembed/1.0/embed29ef]
[mixpakrecords.com/wp-json/oembed/1.0/embed93bf]
[mixpakrecords.com/wordpress/wp-content/uploads/2019/04/Rovin-Cover-Web.jpg]
[mixpakrecords.com/wordpress/wp-content/uploads/2019/02/Shape-Nice-artwork-Web-600x315.jpg]
[mixpakrecords.com/indexd4bc.html]
[mixpakrecords.com/wp-json/oembed/1.0/embed566c]
[mixpakrecords.com/wp-json/oembed/1.0/embed5874]
[mixpakrecords.com/wordpress/wp-content/uploads/2019/02/Shape-Nice-artwork-Web.jpg]
[mixpakrecords.com/2019/05/shape-nice-official-video/index.html]
[mixpakrecords.com/wordpress/wp-content/uploads/2018/09/Screen-shot-title-web-960x535.png]
[mixpakrecords.com/2018/08/carnival-recap-and-rinse-fm-show/index.html]
[mixpakrecords.com/wordpress/wp-content/uploads/2017/09/RBMA-CARNIVAL-POONEH-GHANA-FANATIC.7015-960x960.jpg]
[mixpakrecords.com/2018/08/forever-press-highlights/index.html]
[mixpakrecords.com/wordpress/wp-content/uploads/2018/08/P17-web-copy-960x960.jpg]
[mixpakrecords.com/2018/08/vybz-kartel-real-bad-gal-video-out-now/index.html]
[mixpakrecords.com/wordpress/wp-content/uploads/2018/08/Screen-Shot-2018-07-31-at-11.40.56-AM-960x960.png]
[mixpakrecords.com/2018/07/popcaan-forever-out-now/index.html]
[mixpakrecords.com/wordpress/wp-content/uploads/2018/07/zrQ2bqRQ-960x427.jpg]
[mixpakrecords.com/2018/06/popcaan-firm-and-strong-wine-for-me/index.html]
[mixpakrecords.com/wordpress/wp-content/uploads/2017/05/Firm_Wine_Twitter_Banner_1500x500-960x500.jpg]
[mixpakrecords.com/2018/05/new-popcaan-body-so-good-out-now/index.html]
[mixpakrecords.com/wordpress/wp-content/uploads/2018/05/Popcaan-Body-So-Good-Twitter-Banner-960x500.jpeg]
[mixpakrecords.com/2018/02/vybz-kartel-real-bad-gal/index.html]
[mixpakrecords.com/wordpress/wp-content/uploads/2018/02/kartel-blog-banner-960x640.jpg]
[mixpakrecords.com/2018/01/mixpak-on-red-bull-radio-with-wyclef-jean/index.html]
[mixpakrecords.com/wordpress/wp-content/uploads/2018/01/wyclef3x-1-960x640.jpg]
[mixpakrecords.com/wordpress/wp-content/uploads/2018/08/MIX072-Cover-Art-Web-600x315.jpeg]
[mixpakrecords.com/indexc926.html]
[mixpakrecords.com/wp-json/oembed/1.0/embed28a9]
[mixpakrecords.com/wp-json/oembed/1.0/embed9ac0]
[mixpakrecords.com/wordpress/wp-content/uploads/2018/08/MIX072-Cover-Art-Web.jpeg]
[mixpakrecords.com/2019/07/popcaan-body-so-good-video/index.html]
[mixpakrecords.com/wordpress/wp-content/uploads/2019/05/Screenshot-2019-07-15-at-14.47.30-960x960.png]
[mixpakrecords.com/2019/02/popcaan-firm-and-strong-official-video/index.html]
[mixpakrecords.com/wordpress/wp-content/uploads/2018/11/3-960x960.jpg]
[mixpakrecords.com/2019/01/popcaan-silence-official-video/index.html]
[mixpakrecords.com/wordpress/wp-content/uploads/2018/08/Silence-Official-Thumbnail-Apple-Music-960x960.png]
[mixpakrecords.com/2018/11/popcaan-wine-for-me-video-out-now/index.html]
[mixpakrecords.com/wordpress/wp-content/uploads/2018/11/02-1-960x960.png]
[mixpakrecords.com/2018/08/mixpak-live-carnival-party-and-popcaan-at-1xtra-live/index.html]
[mixpakrecords.com/wordpress/wp-content/uploads/2018/08/HOTWUKxMIXPAK-TWITTER-960x625.png]
[mixpakrecords.com/2018/05/popcaan-uk-tour-dates/index.html]
[mixpakrecords.com/wordpress/wp-content/uploads/2018/05/popcaan-blog-960x640.jpg]
[mixpakrecords.com/2018/01/popcaan-on-stefflon-don-remix-with-sizzla-sean-paul/index.html]
[mixpakrecords.com/wordpress/wp-content/uploads/2018/01/stefflon-popcaan-960x640.jpg]
[mixpakrecords.com/2017/12/dre-skull-popcaan-remix-j-hus/index.html]
[mixpakrecords.com/wordpress/wp-content/uploads/2017/12/blog-daddy-960x640.jpg]
[mixpakrecords.com/wordpress/wp-content/uploads/2018/08/Contraband-Cover1-Transparent-600x315.png]
[mixpakrecords.com/index91a2.html]
[mixpakrecords.com/wp-json/oembed/1.0/embeddcbc]
[mixpakrecords.com/wp-json/oembed/1.0/embedacc6]
[mixpakrecords.com/wordpress/wp-content/uploads/2018/08/Contraband-Cover1-Transparent-1080x720.png]
[mixpakrecords.com/wordpress/wp-content/uploads/2018/06/Wine-for-Me-1500-600x315.jpg]
[mixpakrecords.com/indexbee3.html]
[mixpakrecords.com/wp-json/oembed/1.0/embedc894]
[mixpakrecords.com/wp-json/oembed/1.0/embed6243]
[mixpakrecords.com/wordpress/wp-content/uploads/2018/06/Wine-for-Me-1500-1080x1080.jpg]
[mixpakrecords.com/wordpress/wp-content/uploads/2018/06/Firm-Strong-1500-600x315.jpg]
[mixpakrecords.com/index0f03.html]
[mixpakrecords.com/wp-json/oembed/1.0/embed73f6]
[mixpakrecords.com/wp-json/oembed/1.0/embedeb12]
[mixpakrecords.com/wordpress/wp-content/uploads/2018/06/Firm-Strong-1500-1080x1080.jpg]
[mixpakrecords.com/wordpress/wp-content/uploads/2018/05/Body-So-Good-1500-600x315.jpg]
[mixpakrecords.com/index67ed.html]
[mixpakrecords.com/wp-json/oembed/1.0/embed86b5]
[mixpakrecords.com/wp-json/oembed/1.0/embedd34e]
[mixpakrecords.com/wordpress/wp-content/uploads/2018/05/Body-So-Good-1500-1080x1080.jpg]
[mixpakrecords.com/wordpress/wp-content/uploads/2018/03/fragmentos-artwork-1500-600x315.jpg]
[mixpakrecords.com/indexb8da.html]
[mixpakrecords.com/wp-json/oembed/1.0/embed6707]
[mixpakrecords.com/wp-json/oembed/1.0/embed141d]
[mixpakrecords.com/wordpress/wp-content/uploads/2018/03/fragmentos-artwork-1500-1080x1080.jpg]
[mixpakrecords.com/wordpress/wp-content/uploads/2018/02/VYBZ-KARTEL-FINAL-1500-600x315.jpg]
[mixpakrecords.com/indexe7f6.html]
[mixpakrecords.com/wp-json/oembed/1.0/embed29e1]
[mixpakrecords.com/wp-json/oembed/1.0/embed6f32]
[mixpakrecords.com/wordpress/wp-content/uploads/2018/02/VYBZ-KARTEL-FINAL-1500-1080x1080.jpg]
[mixpakrecords.com/wordpress/wp-content/uploads/2017/07/Wildlife-Anima-Cover-Art-3000px--e1499097807378-600x315.jpeg]
[mixpakrecords.com/indexc41b.html]
[mixpakrecords.com/wp-json/oembed/1.0/embed7345]
[mixpakrecords.com/wp-json/oembed/1.0/embedff2d]
[mixpakrecords.com/wordpress/wp-content/uploads/2017/07/Wildlife-Anima-Cover-Art-3000px--e1499097807378-1080x1080.jpeg]
[mixpakrecords.com/wordpress/wp-content/uploads/2017/04/Murlo-Club-Coil-1000x-1-600x315.jpeg]
[mixpakrecords.com/indexba44.html]
[mixpakrecords.com/wp-json/oembed/1.0/embed0e74]
[mixpakrecords.com/wp-json/oembed/1.0/embed9fd2]
[mixpakrecords.com/wordpress/wp-content/uploads/2017/04/Murlo-Club-Coil-1000x-1.jpeg]
[mixpakrecords.com/artists/murlo/index.html]
[mixpakrecords.com/wordpress/wp-content/uploads/2016/10/Konshens-Dont-Worry-Cover-1000-600x315.jpg]
[mixpakrecords.com/index5407.html]
[mixpakrecords.com/wp-json/oembed/1.0/embed1c9b]
[mixpakrecords.com/wp-json/oembed/1.0/embed85b8]
[mixpakrecords.com/wordpress/wp-content/uploads/2016/10/Konshens-Dont-Worry-Cover-1000-1080x1080.jpg]
[mixpakrecords.com/index2e4e.html]
[mixpakrecords.com/wp-json/oembed/1.0/embedc184]
[mixpakrecords.com/wp-json/oembed/1.0/embedda07]
[mixpakrecords.com/index0103.html]
[mixpakrecords.com/wp-json/oembed/1.0/embedcf14]
[mixpakrecords.com/wp-json/oembed/1.0/embede9dc]
[mixpakrecords.com/index658a.html]
[mixpakrecords.com/wp-json/oembed/1.0/embed7d2b]
[mixpakrecords.com/wp-json/oembed/1.0/embed9c9d]
[mixpakrecords.com/index1160.html]
[mixpakrecords.com/wp-json/oembed/1.0/embed3258]
[mixpakrecords.com/wp-json/oembed/1.0/embedc8f3]
[mixpakrecords.com/indexd176.html]
[mixpakrecords.com/wp-json/oembed/1.0/embedd0a6]
[mixpakrecords.com/wp-json/oembed/1.0/embed00a0]
[mixpakrecords.com/indexa244.html]
[mixpakrecords.com/wp-json/oembed/1.0/embedf85c]
[mixpakrecords.com/wp-json/oembed/1.0/embed8bd2]
[mixpakrecords.com/index76d0.html]
[mixpakrecords.com/wp-json/oembed/1.0/embed4110]
[mixpakrecords.com/wp-json/oembed/1.0/embed1715]
[mixpakrecords.com/index328b.html]
[mixpakrecords.com/wp-json/oembed/1.0/embed0958]
[mixpakrecords.com/wp-json/oembed/1.0/embed0c39]
[mixpakrecords.com/index17a1.html]
[mixpakrecords.com/wp-json/oembed/1.0/embed0746]
[mixpakrecords.com/wp-json/oembed/1.0/embedbba0]
[mixpakrecords.com/index2d9f.html]
[mixpakrecords.com/wp-json/oembed/1.0/embed0d2a]
[mixpakrecords.com/wp-json/oembed/1.0/embed53d8]
[mixpakrecords.com/index6f30.html]
[mixpakrecords.com/wp-json/oembed/1.0/embeddb17]
[mixpakrecords.com/wp-json/oembed/1.0/embed150f]
[mixpakrecords.com/index0e7a.html]
[mixpakrecords.com/wp-json/oembed/1.0/embed51a3]
[mixpakrecords.com/wp-json/oembed/1.0/embed4482]
[mixpakrecords.com/index5474.html]
[mixpakrecords.com/wp-json/oembed/1.0/embedcb1c]
[mixpakrecords.com/wp-json/oembed/1.0/embedf0fa]
[mixpakrecords.com/index6681.html]
[mixpakrecords.com/wp-json/oembed/1.0/embedf652]
[mixpakrecords.com/wp-json/oembed/1.0/embed4cb5]
[mixpakrecords.com/index0750.html]
[mixpakrecords.com/wp-json/oembed/1.0/embedf07c]
[mixpakrecords.com/wp-json/oembed/1.0/embed8aae]
[mixpakrecords.com/index80d9.html]
[mixpakrecords.com/wp-json/oembed/1.0/embedfe46]
[mixpakrecords.com/wp-json/oembed/1.0/embed36e7]
[mixpakrecords.com/indexcd49.html]
[mixpakrecords.com/wp-json/oembed/1.0/embed21b2]
[mixpakrecords.com/wp-json/oembed/1.0/embed98f4]
[mixpakrecords.com/index39bd.html]
[mixpakrecords.com/wp-json/oembed/1.0/embedfb0a]
[mixpakrecords.com/wp-json/oembed/1.0/embed5e0d]
[mixpakrecords.com/indexc55c.html]
[mixpakrecords.com/wp-json/oembed/1.0/embed669f]
[mixpakrecords.com/wp-json/oembed/1.0/embedde68]
[www.mixpakrecords.com/blog/wp-content/uploads/2013/11/First-Time-1000.jpeg]
[mixpakrecords.com/index83dc.html]
[mixpakrecords.com/wp-json/oembed/1.0/embed5994]
[mixpakrecords.com/wp-json/oembed/1.0/embeddb63]
[mixpakrecords.com/index56dd.html]
[mixpakrecords.com/wp-json/oembed/1.0/embed15b2]
[mixpakrecords.com/wp-json/oembed/1.0/embed64c6]
[mixpakrecords.com/index8cb3.html]
[mixpakrecords.com/wp-json/oembed/1.0/embed550e]
[mixpakrecords.com/wp-json/oembed/1.0/embed1971]
[mixpakrecords.com/index4093.html]
[mixpakrecords.com/wp-json/oembed/1.0/embedd220]
[mixpakrecords.com/wp-json/oembed/1.0/embedba33]
[mixpakrecords.com/indexdaab.html]
[mixpakrecords.com/wp-json/oembed/1.0/embedae5a]
[mixpakrecords.com/wp-json/oembed/1.0/embed636d]
[mixpakrecords.com/index2f4e.html]
[mixpakrecords.com/wp-json/oembed/1.0/embed096b]
[mixpakrecords.com/wp-json/oembed/1.0/embedfc2b]
[mixpakrecords.com/index5bd1.html]
[mixpakrecords.com/wp-json/oembed/1.0/embed9011]
[mixpakrecords.com/wp-json/oembed/1.0/embed2b43]
[mixpakrecords.com/index62ff.html]
[mixpakrecords.com/wp-json/oembed/1.0/embed781f]
[mixpakrecords.com/wp-json/oembed/1.0/embed01d0]
[mixpakrecords.com/index808f.html]
[mixpakrecords.com/wp-json/oembed/1.0/embeda931]
[mixpakrecords.com/wp-json/oembed/1.0/embed3a77]
[mixpakrecords.com/indexe3ec.html]
[mixpakrecords.com/wp-json/oembed/1.0/embede57d]
[mixpakrecords.com/wp-json/oembed/1.0/embed95f2]
[mixpakrecords.com/index7a0f.html]
[mixpakrecords.com/wp-json/oembed/1.0/embedf852]
[mixpakrecords.com/wp-json/oembed/1.0/embedfe80]
[mixpakrecords.com/index170f.html]
[mixpakrecords.com/wp-json/oembed/1.0/embedc058]
[mixpakrecords.com/wp-json/oembed/1.0/embed9b3c]
[mixpakrecords.com/index42a1.html]
[mixpakrecords.com/wp-json/oembed/1.0/embed1753]
[mixpakrecords.com/wp-json/oembed/1.0/embed4e00]
[mixpakrecords.com/index6ffc.html]
[mixpakrecords.com/wp-json/oembed/1.0/embed8a00]
[mixpakrecords.com/wp-json/oembed/1.0/embed7417]
[mixpakrecords.com/index7b24.html]
[mixpakrecords.com/wp-json/oembed/1.0/embed5203]
[mixpakrecords.com/wp-json/oembed/1.0/embed5d10]
[mixpakrecords.com/indexdb11.html]
[mixpakrecords.com/wp-json/oembed/1.0/embed0079]
[mixpakrecords.com/wp-json/oembed/1.0/embed1afa]
[mixpakrecords.com/index8951.html]
[mixpakrecords.com/wp-json/oembed/1.0/embed44ab]
[mixpakrecords.com/wp-json/oembed/1.0/embed6d20]
[mixpakrecords.com/indexb8ab.html]
[mixpakrecords.com/wp-json/oembed/1.0/embedbd00]
[mixpakrecords.com/wp-json/oembed/1.0/embedc498]
[mixpakrecords.com/index2c3b.html]
[mixpakrecords.com/wp-json/oembed/1.0/embedfb89]
[mixpakrecords.com/wp-json/oembed/1.0/embedad7e]
[mixpakrecords.com/index2f3f.html]
[mixpakrecords.com/wp-json/oembed/1.0/embedc09a]
[mixpakrecords.com/wp-json/oembed/1.0/embed3a99]
[mixpakrecords.com/indexc269.html]
[mixpakrecords.com/wp-json/oembed/1.0/embed0aea]
[mixpakrecords.com/wp-json/oembed/1.0/embed64bd]
[mixpakrecords.com/indexbd02.html]
[mixpakrecords.com/wp-json/oembed/1.0/embed6f7f]
[mixpakrecords.com/wp-json/oembed/1.0/embed5e96]
[mixpakrecords.com/indexdada.html]
[mixpakrecords.com/wp-json/oembed/1.0/embed3758]
[mixpakrecords.com/wp-json/oembed/1.0/embed130d]
[mixpakrecords.com/indexc6d9.html]
[mixpakrecords.com/wp-json/oembed/1.0/embede87a]
[mixpakrecords.com/wp-json/oembed/1.0/embedf2a6]
[mixpakrecords.com/indexe856.html]
[mixpakrecords.com/wp-json/oembed/1.0/embed506d]
[mixpakrecords.com/wp-json/oembed/1.0/embedce19]
[mixpakrecords.com/indexdee2.html]
[mixpakrecords.com/wp-json/oembed/1.0/embed37d5]
[mixpakrecords.com/wp-json/oembed/1.0/embed719f]
[mixpakrecords.com/indexf581.html]
[mixpakrecords.com/wp-json/oembed/1.0/embedcd0f]
[mixpakrecords.com/wp-json/oembed/1.0/embed0927]
[mixpakrecords.com/index15b7.html]
[mixpakrecords.com/wp-json/oembed/1.0/embed4b8a]
[mixpakrecords.com/wp-json/oembed/1.0/embed43d8]
[mixpakrecords.com/indexaf2e.html]
[mixpakrecords.com/wp-json/oembed/1.0/embedf557]
[mixpakrecords.com/wp-json/oembed/1.0/embed0560]
[mixpakrecords.com/index861c.html]
[mixpakrecords.com/wp-json/oembed/1.0/embed32d1]
[mixpakrecords.com/wp-json/oembed/1.0/embed96c9]
[mixpakrecords.com/index4387.html]
[mixpakrecords.com/wp-json/oembed/1.0/embed67a6]
[mixpakrecords.com/wp-json/oembed/1.0/embed242f]
[mixpakrecords.com/indexc5e2.html]
[mixpakrecords.com/wp-json/oembed/1.0/embeda468]
[mixpakrecords.com/wp-json/oembed/1.0/embedd1e5]
[mixpakrecords.com/index55a6.html]
[mixpakrecords.com/wp-json/oembed/1.0/embedb9e9]
[mixpakrecords.com/wp-json/oembed/1.0/embed68ec]
[mixpakrecords.com/index6d9d.html]
[mixpakrecords.com/wp-json/oembed/1.0/embed3466]
[mixpakrecords.com/wp-json/oembed/1.0/embed9c2f]
[mixpakrecords.com/indexd7d6.html]
[mixpakrecords.com/wp-json/oembed/1.0/embedc786]
[mixpakrecords.com/wp-json/oembed/1.0/embedee8e]
[mixpakrecords.com/index8da7.html]
[mixpakrecords.com/wp-json/oembed/1.0/embedc046]
[mixpakrecords.com/wp-json/oembed/1.0/embed527e]
[mixpakrecords.com/index2c0a.html]
[mixpakrecords.com/wp-json/oembed/1.0/embed1d0d]
[mixpakrecords.com/wp-json/oembed/1.0/embed9585]
[mixpakrecords.com/index7ab1.html]
[mixpakrecords.com/wp-json/oembed/1.0/embed3527]
[mixpakrecords.com/wp-json/oembed/1.0/embed042d]
[mixpakrecords.com/index948b.html]
[mixpakrecords.com/wp-json/oembed/1.0/embed4d5c]
[mixpakrecords.com/wp-json/oembed/1.0/embedcb18]
[mixpakrecords.com/sticky/index.html]
[mixpakrecords.com/index9193.html]
[mixpakrecords.com/wp-json/oembed/1.0/embedd903]
[mixpakrecords.com/wp-json/oembed/1.0/embed00ba]
[mixpakrecords.com/index1f50.html]
[mixpakrecords.com/wp-json/oembed/1.0/embed4598]
[mixpakrecords.com/wp-json/oembed/1.0/embed6f51]
[mixpakrecords.com/index90cb.html]
[mixpakrecords.com/wp-json/oembed/1.0/embed82c5]
[mixpakrecords.com/wp-json/oembed/1.0/embedbe89]
[mixpakrecords.com/indexbcaf.html]
[mixpakrecords.com/wp-json/oembed/1.0/embed493b]
[mixpakrecords.com/wp-json/oembed/1.0/embedd3a2]
